Wed, Sep 10, 2025  8:53:54 PM: Starting persistent sync to https://github.com/clarkFist/YAMLWeave.git
Wed, Sep 10, 2025  8:53:54 PM: === Attempt 1 ===
Wed, Sep 10, 2025  8:53:54 PM: Waiting 10 seconds before attempt...
Wed, Sep 10, 2025  8:54:04 PM: Attempting git push...
Wed, Sep 10, 2025  8:54:25 PM: Push failed, trying fetch first...
Wed, Sep 10, 2025  8:54:32 PM: Attempt 1 failed
Wed, Sep 10, 2025  8:54:32 PM: === Attempt 2 ===
Wed, Sep 10, 2025  8:54:33 PM: Waiting 20 seconds before attempt...
Wed, Sep 10, 2025  8:54:53 PM: Attempting git push...
Wed, Sep 10, 2025  8:55:15 PM: Push failed, trying fetch first...
Wed, Sep 10, 2025  8:55:37 PM: Attempt 2 failed
Wed, Sep 10, 2025  8:55:37 PM: === Attempt 3 ===
Wed, Sep 10, 2025  8:55:37 PM: Waiting 40 seconds before attempt...
Wed, Sep 10, 2025  8:56:17 PM: Attempting git push...
Wed, Sep 10, 2025  8:57:03 PM: Push failed, trying fetch first...
Wed, Sep 10, 2025  8:57:24 PM: Attempt 3 failed
Wed, Sep 10, 2025  8:57:24 PM: === Attempt 4 ===
Wed, Sep 10, 2025  8:57:24 PM: Waiting 80 seconds before attempt...
Wed, Sep 10, 2025  8:58:44 PM: Attempting git push...
Wed, Sep 10, 2025  8:59:05 PM: Push failed, trying fetch first...
Wed, Sep 10, 2025  8:59:21 PM: Attempt 4 failed
Wed, Sep 10, 2025  8:59:21 PM: === Attempt 5 ===
Wed, Sep 10, 2025  8:59:21 PM: Waiting 160 seconds before attempt...
Wed, Sep 10, 2025  9:02:01 PM: Attempting git push...
Wed, Sep 10, 2025  9:02:03 PM: Push failed, trying fetch first...
Wed, Sep 10, 2025  9:02:04 PM: Attempt 5 failed
Wed, Sep 10, 2025  9:02:04 PM: === Attempt 6 ===
Wed, Sep 10, 2025  9:02:04 PM: Waiting 320 seconds before attempt...
Wed, Sep 10, 2025  9:07:24 PM: Attempting git push...
Wed, Sep 10, 2025  9:07:25 PM: Push failed, trying fetch first...
Wed, Sep 10, 2025  9:09:25 PM: Attempt 6 failed
Wed, Sep 10, 2025  9:09:25 PM: === Attempt 7 ===
Wed, Sep 10, 2025  9:09:25 PM: Waiting 640 seconds before attempt...
Wed, Sep 10, 2025  9:20:09 PM: Attempting git push...
Wed, Sep 10, 2025  9:20:11 PM: Push failed, trying fetch first...
Wed, Sep 10, 2025  9:22:11 PM: Attempt 7 failed
Wed, Sep 10, 2025  9:22:11 PM: === Attempt 8 ===
Wed, Sep 10, 2025  9:22:11 PM: Waiting 1280 seconds before attempt...
Wed, Sep 10, 2025  9:43:31 PM: Attempting git push...
Wed, Sep 10, 2025  9:43:33 PM: Push failed, trying fetch first...
Wed, Sep 10, 2025  9:43:54 PM: Attempt 8 failed
Wed, Sep 10, 2025  9:43:54 PM: === Attempt 9 ===
Wed, Sep 10, 2025  9:43:54 PM: Waiting 2560 seconds before attempt...
Wed, Sep 10, 2025 10:26:35 PM: Attempting git push...
Wed, Sep 10, 2025 10:28:06 PM: Push failed, trying fetch first...
Wed, Sep 10, 2025 10:28:28 PM: Attempt 9 failed
Wed, Sep 10, 2025 10:28:28 PM: === Attempt 10 ===
Wed, Sep 10, 2025 10:28:28 PM: Waiting 5 seconds before attempt...
Wed, Sep 10, 2025 10:28:33 PM: Attempting git push...
Wed, Sep 10, 2025 10:28:55 PM: Push failed, trying fetch first...
Wed, Sep 10, 2025 10:29:15 PM: Attempt 10 failed
Wed, Sep 10, 2025 10:29:15 PM: === Attempt 11 ===
Wed, Sep 10, 2025 10:29:15 PM: Waiting 10 seconds before attempt...
Wed, Sep 10, 2025 10:29:25 PM: Attempting git push...
Wed, Sep 10, 2025 10:29:46 PM: Push failed, trying fetch first...
Wed, Sep 10, 2025 10:30:08 PM: Attempt 11 failed
Wed, Sep 10, 2025 10:30:08 PM: === Attempt 12 ===
Wed, Sep 10, 2025 10:30:08 PM: Waiting 20 seconds before attempt...
Wed, Sep 10, 2025 10:30:28 PM: Attempting git push...
Wed, Sep 10, 2025 10:30:50 PM: Push failed, trying fetch first...
Wed, Sep 10, 2025 10:31:12 PM: Attempt 12 failed
Wed, Sep 10, 2025 10:31:12 PM: === Attempt 13 ===
Wed, Sep 10, 2025 10:31:12 PM: Waiting 40 seconds before attempt...
Wed, Sep 10, 2025 10:31:52 PM: Attempting git push...
Wed, Sep 10, 2025 10:32:12 PM: Push failed, trying fetch first...
Wed, Sep 10, 2025 10:32:34 PM: Attempt 13 failed
Wed, Sep 10, 2025 10:32:34 PM: === Attempt 14 ===
Wed, Sep 10, 2025 10:32:34 PM: Waiting 80 seconds before attempt...
Wed, Sep 10, 2025 10:33:54 PM: Attempting git push...
Wed, Sep 10, 2025 10:34:14 PM: Push failed, trying fetch first...
Wed, Sep 10, 2025 10:34:35 PM: Attempt 14 failed
Wed, Sep 10, 2025 10:34:35 PM: === Attempt 15 ===
Wed, Sep 10, 2025 10:34:36 PM: Waiting 160 seconds before attempt...
Wed, Sep 10, 2025 10:37:16 PM: Attempting git push...
Wed, Sep 10, 2025 10:37:18 PM: Push failed, trying fetch first...
Wed, Sep 10, 2025 10:39:19 PM: Attempt 15 failed
Wed, Sep 10, 2025 10:39:19 PM: === Attempt 16 ===
Wed, Sep 10, 2025 10:39:19 PM: Waiting 320 seconds before attempt...
Wed, Sep 10, 2025 10:44:39 PM: Attempting git push...
Wed, Sep 10, 2025 10:44:42 PM: Push failed, trying fetch first...
Wed, Sep 10, 2025 10:46:42 PM: Attempt 16 failed
Wed, Sep 10, 2025 10:46:43 PM: === Attempt 17 ===
Wed, Sep 10, 2025 10:46:43 PM: Waiting 640 seconds before attempt...
Wed, Sep 10, 2025 10:57:23 PM: Attempting git push...
Wed, Sep 10, 2025 10:57:26 PM: Push failed, trying fetch first...
Wed, Sep 10, 2025 10:59:26 PM: Attempt 17 failed
Wed, Sep 10, 2025 10:59:26 PM: === Attempt 18 ===
Wed, Sep 10, 2025 10:59:26 PM: Waiting 1280 seconds before attempt...
Wed, Sep 10, 2025 11:20:46 PM: Attempting git push...
Wed, Sep 10, 2025 11:20:49 PM: Push failed, trying fetch first...
Wed, Sep 10, 2025 11:22:49 PM: Attempt 18 failed
Wed, Sep 10, 2025 11:22:49 PM: === Attempt 19 ===
Wed, Sep 10, 2025 11:22:50 PM: Waiting 2560 seconds before attempt...
Thu, Sep 11, 2025 12:05:30 AM: Attempting git push...
Thu, Sep 11, 2025 12:05:30 AM: Push failed, trying fetch first...
Thu, Sep 11, 2025 12:05:51 AM: Attempt 19 failed
Thu, Sep 11, 2025 12:05:51 AM: === Attempt 20 ===
Thu, Sep 11, 2025 12:05:51 AM: Waiting 5 seconds before attempt...
Thu, Sep 11, 2025 12:05:56 AM: Attempting git push...
Thu, Sep 11, 2025 12:06:17 AM: Push failed, trying fetch first...
Thu, Sep 11, 2025 12:06:39 AM: Attempt 20 failed
Thu, Sep 11, 2025 12:06:39 AM: === Attempt 21 ===
Thu, Sep 11, 2025 12:06:39 AM: Waiting 10 seconds before attempt...
Thu, Sep 11, 2025 12:06:49 AM: Attempting git push...
Thu, Sep 11, 2025 12:07:11 AM: Push failed, trying fetch first...
Thu, Sep 11, 2025 12:07:32 AM: Attempt 21 failed
Thu, Sep 11, 2025 12:07:32 AM: === Attempt 22 ===
Thu, Sep 11, 2025 12:07:33 AM: Waiting 20 seconds before attempt...
Thu, Sep 11, 2025 12:07:53 AM: Attempting git push...
Thu, Sep 11, 2025 12:08:13 AM: Push failed, trying fetch first...
Thu, Sep 11, 2025 12:08:34 AM: Attempt 22 failed
Thu, Sep 11, 2025 12:08:35 AM: === Attempt 23 ===
Thu, Sep 11, 2025 12:08:35 AM: Waiting 40 seconds before attempt...
Thu, Sep 11, 2025 12:09:15 AM: Attempting git push...
Thu, Sep 11, 2025 12:09:36 AM: Push failed, trying fetch first...
Thu, Sep 11, 2025 12:09:58 AM: Attempt 23 failed
Thu, Sep 11, 2025 12:09:58 AM: === Attempt 24 ===
Thu, Sep 11, 2025 12:09:58 AM: Waiting 80 seconds before attempt...
Thu, Sep 11, 2025 12:11:18 AM: Attempting git push...
Thu, Sep 11, 2025 12:11:36 AM: Push failed, trying fetch first...
Thu, Sep 11, 2025 12:13:36 AM: Attempt 24 failed
Thu, Sep 11, 2025 12:13:36 AM: === Attempt 25 ===
Thu, Sep 11, 2025 12:13:36 AM: Waiting 160 seconds before attempt...
Thu, Sep 11, 2025 12:16:16 AM: Attempting git push...
Thu, Sep 11, 2025 12:16:19 AM: Push failed, trying fetch first...
Thu, Sep 11, 2025 12:18:21 AM: Attempt 25 failed
Thu, Sep 11, 2025 12:18:21 AM: === Attempt 26 ===
Thu, Sep 11, 2025 12:18:22 AM: Waiting 320 seconds before attempt...
Thu, Sep 11, 2025 12:23:42 AM: Attempting git push...
Thu, Sep 11, 2025 12:24:22 AM: Push failed, trying fetch first...
Thu, Sep 11, 2025 12:24:43 AM: Attempt 26 failed
Thu, Sep 11, 2025 12:24:44 AM: === Attempt 27 ===
Thu, Sep 11, 2025 12:24:44 AM: Waiting 640 seconds before attempt...
